// Jest Snapshot v1, https://goo.gl/fbAQLP

exports[`App should make the POST call & show no errors if the submit button is clicked when all fields are valid 1`] = `"<div class=\\"MuiAlert-icon css-1ytlwq5-MuiAlert-icon\\"><svg class=\\"MuiSvgIcon-root MuiSvgIcon-fontSizeInherit css-1vooibu-MuiSvgIcon-root\\" focusable=\\"false\\" aria-hidden=\\"true\\" viewBox=\\"0 0 24 24\\" data-testid=\\"InfoOutlinedIcon\\"><path d=\\"M11,9H13V7H11M12,20C7.59,20 4,16.41 4,12C4,7.59 7.59,4 12,4C16.41,4 20,7.59 20, 12C20,16.41 16.41,20 12,20M12,2A10,10 0 0,0 2,12A10,10 0 0,0 12,22A10,10 0 0,0 22,12A10, 10 0 0,0 12,2M11,17H13V11H11V17Z\\"></path></svg></div><div class=\\"MuiAlert-message css-1pxa9xg-MuiAlert-message\\"><span>Yay</span> (<a href=\\"/entries\\" target=\\"_blank\\" style=\\"text-decoration: underline;\\">view all entries as JSON</a>)</div>"`;

exports[`App should render the dialog DOM as specified 1`] = `"<div aria-hidden=\\"true\\" class=\\"MuiBackdrop-root css-yiavyu-MuiBackdrop-root-MuiDialog-backdrop\\" style=\\"opacity: 1; webkit-transition: opacity 225ms cubic-bezier(0.4, 0, 0.2, 1) 0ms; transition: opacity 225ms cubic-bezier(0.4, 0, 0.2, 1) 0ms;\\"></div><div tabindex=\\"0\\" data-test=\\"sentinelStart\\"></div><div class=\\"MuiDialog-container MuiDialog-scrollPaper css-hz1bth-MuiDialog-container\\" style=\\"opacity: 1; webkit-transition: opacity 225ms cubic-bezier(0.4, 0, 0.2, 1) 0ms; transition: opacity 225ms cubic-bezier(0.4, 0, 0.2, 1) 0ms;\\" role=\\"presentation\\" tabindex=\\"-1\\"><div class=\\"MuiPaper-root MuiPaper-elevation MuiPaper-rounded MuiPaper-elevation24 MuiDialog-paper MuiDialog-paperScrollPaper MuiDialog-paperWidthSm css-1t1j96h-MuiPaper-root-MuiDialog-paper\\" role=\\"dialog\\" aria-describedby=\\"dialog-description\\" aria-labelledby=\\"dialog-title\\"><form action=\\"#\\" autocomplete=\\"off\\"><h2 class=\\"MuiTypography-root MuiTypography-h6 MuiDialogTitle-root css-bdhsul-MuiTypography-root-MuiDialogTitle-root\\" id=\\"dialog-title\\">Test App</h2><div class=\\"MuiDialogContent-root css-ypiqx9-MuiDialogContent-root\\"><h5><p class=\\"MuiDialogContentText-root MuiTypography-root MuiTypography-body1 css-qfso29-MuiTypography-root-MuiDialogContentText-root\\"><small>all fields are required</small></p></h5><div style=\\"display: flex; flex-direction: row;\\"><div style=\\"flex-grow: 1;\\"><div inputmode=\\"text\\" class=\\"MuiInput-root MuiInput-underline MuiInputBase-root MuiInputBase-colorPrimary MuiInputBase-fullWidth css-sje21u-MuiInputBase-root-MuiInput-root\\"><input name=\\"firstName\\" placeholder=\\"first name\\" type=\\"text\\" aria-label=\\"first name\\" class=\\"MuiInput-input MuiInputBase-input css-1x51dt5-MuiInputBase-input-MuiInput-input\\" value=\\"\\"></div></div><div style=\\"min-width: 10px; flex-grow: 0;\\"></div><div style=\\"flex-grow: 1;\\"><div inputmode=\\"text\\" class=\\"MuiInput-root MuiInput-underline MuiInputBase-root MuiInputBase-colorPrimary MuiInputBase-fullWidth css-sje21u-MuiInputBase-root-MuiInput-root\\"><input name=\\"lastName\\" placeholder=\\"last name\\" type=\\"text\\" aria-label=\\"last name\\" class=\\"MuiInput-input MuiInputBase-input css-1x51dt5-MuiInputBase-input-MuiInput-input\\" value=\\"\\"></div></div></div><div style=\\"margin-top: 10px; margin-bottom: 10px;\\"><div inputmode=\\"email\\" class=\\"MuiInput-root MuiInput-underline MuiInputBase-root MuiInputBase-colorPrimary MuiInputBase-fullWidth css-sje21u-MuiInputBase-root-MuiInput-root\\"><input name=\\"email\\" placeholder=\\"email\\" type=\\"email\\" aria-label=\\"email\\" class=\\"MuiInput-input MuiInputBase-input css-1x51dt5-MuiInputBase-input-MuiInput-input\\" value=\\"\\"></div></div></div><div class=\\"MuiDialogActions-root MuiDialogActions-spacing css-hlj6pa-MuiDialogActions-root\\"><button class=\\"MuiButton-root MuiButton-text MuiButton-textPrimary MuiButton-sizeMedium MuiButton-textSizeMedium MuiButtonBase-root Mui-focusVisible  css-1e6y48t-MuiButtonBase-root-MuiButton-root\\" tabindex=\\"0\\" type=\\"submit\\">Submit</button></div></form></div></div><div tabindex=\\"0\\" data-test=\\"sentinelEnd\\"></div>"`;

exports[`App should show errors if the submit button is clicked when all fields are still invalid 1`] = `"<div class=\\"MuiAlert-icon css-1ytlwq5-MuiAlert-icon\\"><svg class=\\"MuiSvgIcon-root MuiSvgIcon-fontSizeInherit css-1vooibu-MuiSvgIcon-root\\" focusable=\\"false\\" aria-hidden=\\"true\\" viewBox=\\"0 0 24 24\\" data-testid=\\"ErrorOutlineIcon\\"><path d=\\"M11 15h2v2h-2zm0-8h2v6h-2zm.99-5C6.47 2 2 6.48 2 12s4.47 10 9.99 10C17.52 22 22 17.52 22 12S17.52 2 11.99 2zM12 20c-4.42 0-8-3.58-8-8s3.58-8 8-8 8 3.58 8 8-3.58 8-8 8z\\"></path></svg></div><div class=\\"MuiAlert-message css-1pxa9xg-MuiAlert-message\\"><div class=\\"MuiTypography-root MuiTypography-body1 MuiTypography-gutterBottom MuiAlertTitle-root css-yslrua-MuiTypography-root-MuiAlertTitle-root\\">You have entered invalid information</div><ul style=\\"padding: 0px 0px 0px 20px; margin: 0px;\\"><li>missing first name</li><li>missing last name</li><li>invalid email address</li></ul></div>"`;

exports[`App should still show errors if the submit button is clicked when only 1 field is valid 1`] = `"<div class=\\"MuiAlert-icon css-1ytlwq5-MuiAlert-icon\\"><svg class=\\"MuiSvgIcon-root MuiSvgIcon-fontSizeInherit css-1vooibu-MuiSvgIcon-root\\" focusable=\\"false\\" aria-hidden=\\"true\\" viewBox=\\"0 0 24 24\\" data-testid=\\"ErrorOutlineIcon\\"><path d=\\"M11 15h2v2h-2zm0-8h2v6h-2zm.99-5C6.47 2 2 6.48 2 12s4.47 10 9.99 10C17.52 22 22 17.52 22 12S17.52 2 11.99 2zM12 20c-4.42 0-8-3.58-8-8s3.58-8 8-8 8 3.58 8 8-3.58 8-8 8z\\"></path></svg></div><div class=\\"MuiAlert-message css-1pxa9xg-MuiAlert-message\\"><div class=\\"MuiTypography-root MuiTypography-body1 MuiTypography-gutterBottom MuiAlertTitle-root css-yslrua-MuiTypography-root-MuiAlertTitle-root\\">You have entered invalid information</div><ul style=\\"padding: 0px 0px 0px 20px; margin: 0px;\\"><li>missing first name</li><li>missing last name</li><li>invalid email address</li></ul></div>"`;

exports[`App should still show errors if the submit button is clicked when only 2 fields are valid 1`] = `"<div class=\\"MuiAlert-icon css-1ytlwq5-MuiAlert-icon\\"><svg class=\\"MuiSvgIcon-root MuiSvgIcon-fontSizeInherit css-1vooibu-MuiSvgIcon-root\\" focusable=\\"false\\" aria-hidden=\\"true\\" viewBox=\\"0 0 24 24\\" data-testid=\\"ErrorOutlineIcon\\"><path d=\\"M11 15h2v2h-2zm0-8h2v6h-2zm.99-5C6.47 2 2 6.48 2 12s4.47 10 9.99 10C17.52 22 22 17.52 22 12S17.52 2 11.99 2zM12 20c-4.42 0-8-3.58-8-8s3.58-8 8-8 8 3.58 8 8-3.58 8-8 8z\\"></path></svg></div><div class=\\"MuiAlert-message css-1pxa9xg-MuiAlert-message\\"><div class=\\"MuiTypography-root MuiTypography-body1 MuiTypography-gutterBottom MuiAlertTitle-root css-yslrua-MuiTypography-root-MuiAlertTitle-root\\">You have entered invalid information</div><ul style=\\"padding: 0px 0px 0px 20px; margin: 0px;\\"><li>missing first name</li><li>missing last name</li><li>invalid email address</li></ul></div>"`;
